com.cassinisys.platform.model.core.CassiniObject:com.cassinisys.platform.repo.core.ObjectRepository
com.cassinisys.platform.model.core.Lov:com.cassinisys.platform.repo.core.LovRepository
com.cassinisys.platform.model.core.ObjectTypeAttribute:com.cassinisys.platform.repo.core.ObjectTypeAttributeRepository
com.cassinisys.platform.model.core.AttributeLov:com.cassinisys.platform.repo.core.AttributeLovRepository
com.cassinisys.platform.model.core.ObjectAttribute:com.cassinisys.platform.repo.core.ObjectAttributeRepository
com.cassinisys.platform.model.core.AutoNumber:com.cassinisys.platform.repo.core.AutoNumberRepository
com.cassinisys.platform.model.common.Country:com.cassinisys.platform.repo.common.CountryRepository
com.cassinisys.platform.model.common.State:com.cassinisys.platform.repo.common.StateRepository
com.cassinisys.platform.model.common.District:com.cassinisys.platform.repo.common.DistrictRepository
com.cassinisys.platform.model.common.AddressType:com.cassinisys.platform.repo.common.AddressTypeRepository
com.cassinisys.platform.model.common.Address:com.cassinisys.platform.repo.common.AddressRepository
com.cassinisys.platform.model.common.PersonType:com.cassinisys.platform.repo.common.PersonTypeRepository
com.cassinisys.platform.model.common.MobileDevice:com.cassinisys.platform.repo.common.MobileDeviceRepository
com.cassinisys.platform.model.common.Person:com.cassinisys.platform.repo.common.PersonRepository
com.cassinisys.platform.model.common.PersonGroup:com.cassinisys.platform.repo.common.PersonGroupRepository
com.cassinisys.platform.model.common.GroupMember:com.cassinisys.platform.repo.common.GroupMemberRepository
com.cassinisys.platform.model.common.PersonAddress:com.cassinisys.platform.repo.common.PersonAddressRepository
com.cassinisys.platform.model.common.Tag:com.cassinisys.platform.repo.common.TagRepository
com.cassinisys.platform.model.common.LocationAwareObject:com.cassinisys.platform.repo.common.LocationAwareObjectRepository
com.cassinisys.platform.model.common.ObjectGeoLocation:com.cassinisys.platform.repo.common.ObjectGeoLocationRepository
com.cassinisys.platform.model.col.Attachment:com.cassinisys.platform.repo.col.AttachmentRepository
com.cassinisys.platform.model.col.Comment:com.cassinisys.platform.repo.col.CommentRepository
com.cassinisys.platform.model.col.Message:com.cassinisys.platform.repo.col.MessageRepository
com.cassinisys.platform.model.col.MessageSentTo:com.cassinisys.platform.repo.col.MessageSentToRepository
com.cassinisys.platform.model.col.Meeting:com.cassinisys.platform.repo.col.MeetingRepository
com.cassinisys.platform.model.col.RecurringMeeting:com.cassinisys.platform.repo.col.RecurringMeetingRepository
com.cassinisys.platform.model.col.MeetingAttendee:com.cassinisys.platform.repo.col.MeetingAttendeeRepository
com.cassinisys.platform.model.col.TodoList:com.cassinisys.platform.repo.col.ToDoListRepository
com.cassinisys.platform.model.col.Note:com.cassinisys.platform.repo.col.NoteRepository
com.cassinisys.platform.model.col.UserInbox:com.cassinisys.platform.repo.col.UserInboxRepository
com.cassinisys.platform.model.col.MessageGroup:com.cassinisys.platform.repo.col.MessageGroupRepository
com.cassinisys.platform.model.col.MessageGroupMember:com.cassinisys.platform.repo.col.MessageGroupMemberRepository
com.cassinisys.platform.model.col.GroupMessage:com.cassinisys.platform.repo.col.GroupMessageRepository
com.cassinisys.platform.model.col.DiscussionGroup:com.cassinisys.platform.repo.col.DiscussionGroupRepository
com.cassinisys.platform.model.col.DiscussionGroupMessage:com.cassinisys.platform.repo.col.DiscussionGroupMessageRepository
com.cassinisys.platform.model.wfm.WorkFlowDefinition:com.cassinisys.platform.repo.wfm.WorkFlowDefinitionRepository
com.cassinisys.platform.model.wfm.WorkFlow:com.cassinisys.platform.repo.wfm.WorkFlowRepository
com.cassinisys.platform.model.wfm.ActivityDefinition:com.cassinisys.platform.repo.wfm.ActivityDefinitionRepository
com.cassinisys.platform.model.wfm.Activity:com.cassinisys.platform.repo.wfm.ActivityRepository
com.cassinisys.platform.model.wfm.ActivityAssignment:com.cassinisys.platform.repo.wfm.ActivityAssignmentRepository
com.cassinisys.platform.model.wfm.ActionDefinition:com.cassinisys.platform.repo.wfm.ActionDefinitionRepository
com.cassinisys.platform.model.wfm.Action:com.cassinisys.platform.repo.wfm.ActionRepository
com.cassinisys.platform.model.wfm.TaskDefinition:com.cassinisys.platform.repo.wfm.TaskDefinitionRepository
com.cassinisys.platform.model.wfm.WorkflowHistory:com.cassinisys.platform.repo.wfm.WorkFlowHistoryRepository
com.cassinisys.platform.model.wfm.WorkFlow:com.cassinisys.platform.repo.wfm.WorkFlowRepository
com.cassinisys.platform.model.wfm.WorkflowTask:com.cassinisys.platform.repo.wfm.WorkflowTaskRepository
com.cassinisys.platform.model.wfm.WorkflowUserInbox:com.cassinisys.platform.repo.wfm.WorkflowUserInboxRepository
com.cassinisys.platform.model.core.Login:com.cassinisys.platform.repo.security.LoginRepository
com.cassinisys.platform.model.core.Session:com.cassinisys.platform.repo.security.SessionRepository
com.cassinisys.platform.model.security.Role:com.cassinisys.platform.repo.security.RoleRepository
com.cassinisys.platform.model.security.PersonRole:com.cassinisys.platform.repo.security.PersonRoleRepository
com.cassinisys.platform.model.security.PersonGroupRole:com.cassinisys.platform.repo.security.PersonGroupRoleRepository
com.cassinisys.platform.model.security.LoginRole:com.cassinisys.platform.repo.security.LoginRoleRepository
com.cassinisys.platform.model.security.Permission:com.cassinisys.platform.repo.security.PermissionRepository
com.cassinisys.platform.model.security.RolePermission:com.cassinisys.platform.repo.security.RolePermissionRepository
com.cassinisys.platform.model.security.GroupPermission:com.cassinisys.platform.repo.security.GroupPermissionRepository
com.cassinisys.platform.model.security.LoginGroup:com.cassinisys.platform.repo.security.LoginGroupRepository
com.cassinisys.platform.model.security.OneTimePassword:com.cassinisys.platform.repo.security.OneTimePasswordRepository