com.cassinisys.plm.model.plm.PLMLifeCycle:com.cassinisys.plm.repo.plm.LifeCycleRepository
com.cassinisys.plm.model.plm.PLMLifeCyclePhase:com.cassinisys.plm.repo.plm.LifeCyclePhaseRepository
com.cassinisys.plm.model.plm.PLMItemType:com.cassinisys.plm.repo.plm.ItemTypeRepository
com.cassinisys.plm.model.plm.PLMItemTypeAttribute:com.cassinisys.plm.repo.plm.ItemTypeAttributeRepository
com.cassinisys.plm.model.plm.PLMItem:com.cassinisys.plm.repo.plm.ItemRepository
com.cassinisys.plm.model.plm.PLMItemRevision:com.cassinisys.plm.repo.plm.ItemRevisionRepository
com.cassinisys.plm.model.plm.PLMItemReference:com.cassinisys.plm.repo.plm.ItemReferenceRepository
com.cassinisys.plm.model.plm.PLMItemStatusHistory:com.cassinisys.plm.repo.plm.ItemStatusHistoryRepository
com.cassinisys.plm.model.plm.PLMItemRevisionStatusHistory:com.cassinisys.plm.repo.plm.ItemRevisionStatusHistoryRepository
com.cassinisys.plm.model.plm.PLMFile:com.cassinisys.plm.repo.plm.FileRepository
com.cassinisys.plm.model.plm.PLMItemFile:com.cassinisys.plm.repo.plm.ItemFileRepository
com.cassinisys.plm.model.plm.PLMFileVersionHistory:com.cassinisys.plm.repo.plm.FileVersionHistoryRepository
com.cassinisys.plm.model.plm.PLMItemAttribute:com.cassinisys.plm.repo.plm.ItemAttributeRepository
com.cassinisys.plm.model.plm.PLMItemRevisionAttribute:com.cassinisys.plm.repo.plm.ItemRevisionAttributeRepository
com.cassinisys.plm.model.plm.PLMBom:com.cassinisys.plm.repo.plm.BomRepository
com.cassinisys.plm.model.plm.PLMFolder:com.cassinisys.plm.repo.plm.FolderRepository
com.cassinisys.plm.model.plm.PLMSharedFolder:com.cassinisys.plm.repo.plm.SharedFolderRepository
com.cassinisys.plm.model.plm.PLMFolderObject:com.cassinisys.plm.repo.plm.FolderObjectRepository
com.cassinisys.plm.model.plm.PLMLibrary:com.cassinisys.plm.repo.plm.LibraryRepository
com.cassinisys.plm.model.plm.PLMLibraryItem:com.cassinisys.plm.repo.plm.LibraryItemRepository
com.cassinisys.plm.model.plm.PLMSavedSearch:com.cassinisys.plm.repo.plm.SavedSearchRepository

com.cassinisys.plm.model.cm.PLMChangeType:com.cassinisys.plm.repo.cm.ChangeTypeRepository
com.cassinisys.plm.model.cm.PLMChangeTypeAttribute:com.cassinisys.plm.repo.cm.ChangeTypeAttributeRepository
com.cassinisys.plm.model.cm.PLMChange:com.cassinisys.plm.repo.cm.ChangeRepository
com.cassinisys.plm.model.cm.PLMChangeAttribute:com.cassinisys.plm.repo.cm.ChangeAttributeRepository
com.cassinisys.plm.model.cm.PLMChangeFile:com.cassinisys.plm.repo.cm.ChangeFileRepository
com.cassinisys.plm.model.cm.PLMAffectedItem:com.cassinisys.plm.repo.cm.AffectedItemRepository
com.cassinisys.plm.model.cm.PLMECO:com.cassinisys.plm.repo.cm.ECORepository
com.cassinisys.plm.model.cm.PLMMCO:com.cassinisys.plm.repo.cm.MCORepository

com.cassinisys.plm.model.mfr.PLMManufacturerType:com.cassinisys.plm.repo.mfr.ManufacturerTypeRepository
com.cassinisys.plm.model.wf.PLMWorkflowType:com.cassinisys.plm.repo.wf.WorkflowTypeRepository
com.cassinisys.plm.model.mfr.PLMManufacturerTypeAttribute:com.cassinisys.plm.repo.mfr.ManufacturerTypeAttributeRepository
com.cassinisys.plm.model.wf.PLMWorkflowTypeAttribute:com.cassinisys.plm.repo.wf.WorkflowTypeAttributeRepository
com.cassinisys.plm.model.mfr.PLMManufacturerPartType:com.cassinisys.plm.repo.mfr.ManufacturerPartTypeRepository
com.cassinisys.plm.model.mfr.PLMManufacturerPartTypeAttribute:com.cassinisys.plm.repo.mfr.ManufacturerPartTypeAttributeRepository
com.cassinisys.plm.model.mfr.PLMManufacturer:com.cassinisys.plm.repo.mfr.ManufacturerRepository
com.cassinisys.plm.model.mfr.PLMManufacturerAttribute:com.cassinisys.plm.repo.mfr.ManufacturerAttributeRepository
com.cassinisys.plm.model.mfr.PLMManufacturerFile:com.cassinisys.plm.repo.mfr.ManufacturerFileRepository
com.cassinisys.plm.model.mfr.PLMManufacturerPart:com.cassinisys.plm.repo.mfr.ManufacturerPartRepository
com.cassinisys.plm.model.mfr.PLMManufacturerPartAttribute:com.cassinisys.plm.repo.mfr.ManufacturerPartAttributeRepository
com.cassinisys.plm.model.mfr.PLMManufacturerPartFile:com.cassinisys.plm.repo.mfr.ManufacturerPartFileRepository
com.cassinisys.plm.model.mfr.PLMItemManufacturerPart:com.cassinisys.plm.repo.mfr.ItemManufacturerPartRepository

com.cassinisys.plm.model.wf.PLMWorkflowDefinition:com.cassinisys.plm.repo.wf.PLMWorkflowDefinitionRepository
com.cassinisys.plm.model.wf.PLMWorkflowDefinitionStatus:com.cassinisys.plm.repo.wf.PLMWorkflowDefinitionStatusRepository
com.cassinisys.plm.model.wf.PLMWorkflowDefinitionStart:com.cassinisys.plm.repo.wf.PLMWorkflowDefinitionStartRepository
com.cassinisys.plm.model.wf.PLMWorkflowDefinitionFinish:com.cassinisys.plm.repo.wf.PLMWorkflowDefinitionFinishRepository
com.cassinisys.plm.model.wf.PLMWorkflowDefinitionTerminate:com.cassinisys.plm.repo.wf.PLMWorkflowDefinitionTerminateRepository
com.cassinisys.plm.model.wf.PLMWorkflowDefinitionTransition:com.cassinisys.plm.repo.wf.PLMWorkflowDefinitionTransitionRepository
com.cassinisys.plm.model.wf.PLMWorkflow:com.cassinisys.plm.repo.wf.PLMWorkflowRepository
com.cassinisys.plm.model.wf.PLMWorkflowStatus:com.cassinisys.plm.repo.wf.PLMWorkflowStatusRepository
com.cassinisys.plm.model.wf.PLMWorkflowStatusHistory:com.cassinisys.plm.repo.wf.PLMWorkflowStatusHistoryRepository
com.cassinisys.plm.model.wf.PLMWorkflowStart:com.cassinisys.plm.repo.wf.PLMWorkflowStartRepository
com.cassinisys.plm.model.wf.PLMWorkflowFinish:com.cassinisys.plm.repo.wf.PLMWorkflowFinishRepository
com.cassinisys.plm.model.wf.PLMWorkflowTerminate:com.cassinisys.plm.repo.wf.PLMWorkflowTerminateRepository
com.cassinisys.plm.model.wf.PLMWorkflowTransition:com.cassinisys.plm.repo.wf.PLMWorkflowTransitionRepository
com.cassinisys.plm.model.wf.PLMWorkFlowStatusAssignment:com.cassinisys.plm.repo.wf.PLMWorkFlowStatusAssignmentRepository
com.cassinisys.plm.model.wf.PLMWorkflowStatusActionHistory:com.cassinisys.plm.repo.wf.PLMWorkflowStatusActionHistoryRepository
com.cassinisys.plm.model.wf.PLMWorkFlowStatusApprover:com.cassinisys.plm.repo.wf.PLMWorkFlowStatusApproverRepository
com.cassinisys.plm.model.wf.PLMWorkFlowStatusObserver:com.cassinisys.plm.repo.wf.PLMWorkFlowStatusObserverRepository
com.cassinisys.plm.model.wf.PLMWorkFlowStatusAcknowledger:com.cassinisys.plm.repo.wf.PLMWorkFlowStatusAcknowledgerRepository